
# Floor
# First row
{
    0, 0, 0, "grass_128.png", 1.0
}
{
    1, 0, 0, "grass_128.png", 1.0
}
{
    2, 0, 0, "grass_128.png", 1.0
}
{
    3, 0, 0, "grass_128.png", 1.0
}
{
    4, 0, 0, "grass_128.png", 1.0
}
{
    5, 0, 0, "grass_128.png", 1.0
}
{
    6, 0, 0, "grass_128.png", 1.0
}
{
    7, 0, 0, "grass_128.png", 1.0
}
{
    8, 0, 0, "grass_128.png", 1.0
}
# Second row
{
    0, 0, 1, "grass_128.png", 1.0
}
{
    1, 0, 1, "grass_128.png", 1.0
}
{
    2, 0, 1, "grass_128.png", 1.0
}
{
    3, 0, 1, "grass_128.png", 1.0
}
{
    4, 0, 1, "grass_128.png", 1.0
}
{
    5, 0, 1, "grass_128.png", 1.0
}
{
    6, 0, 1, "grass_128.png", 1.0
}
{
    7, 0, 1, "grass_128.png", 1.0
}
{
    8, 0, 1, "grass_128.png", 1.0
}
# 3. row
{
    0, 0, 2, "grass_128.png", 1.0
}
{
    1, 0, 2, "grass_128.png", 1.0
}
{
    2, 0, 2, "grass_128.png", 1.0
}
{
    3, 0, 2, "grass_128.png", 1.0
}
{
    4, 0, 2, "grass_128.png", 1.0
}
{
    5, 0, 2, "grass_128.png", 1.0
}
{
    6, 0, 2, "grass_128.png", 1.0
}
{
    7, 0, 2, "grass_128.png", 1.0
}
{
    8, 0, 2, "grass_128.png", 1.0
}
# 4. row
{
    0, 0, 3, "grass_128.png", 1.0
}
{
    1, 0, 3, "grass_128.png", 1.0
}
{
    2, 0, 3, "grass_128.png", 1.0
}
{
    3, 0, 3, "grass_128.png", 1.0
}
{
    4, 0, 3, "grass_128.png", 1.0
}
{
    5, 0, 3, "grass_128.png", 1.0
}
{
    6, 0, 3, "grass_128.png", 1.0
}
{
    7, 0, 3, "grass_128.png", 1.0
}
{
    8, 0, 3, "grass_128.png", 1.0
}
# 5. row
{
    0, 0, 4, "grass_128.png", 1.0
}
{
    1, 0, 4, "grass_128.png", 1.0
}
{
    2, 0, 4, "grass_128.png", 1.0
}
{
    3, 0, 4, "grass_128.png", 1.0
}
{
    4, 0, 4, "grass_128.png", 1.0
}
{
    5, 0, 4, "grass_128.png", 1.0
}
{
    6, 0, 4, "grass_128.png", 1.0
}
{
    7, 0, 4, "grass_128.png", 1.0
}
{
    8, 0, 4, "grass_128.png", 1.0
}
# 6. row
{
    0, 0, 5, "grass_128.png", 1.0
}
{
    1, 0, 5, "grass_128.png", 1.0
}
{
    2, 0, 5, "grass_128.png", 1.0
}
{
    3, 0, 5, "grass_128.png", 1.0
}
{
    4, 0, 5, "grass_128.png", 1.0
}
{
    5, 0, 5, "grass_128.png", 1.0
}
{
    6, 0, 5, "grass_128.png", 1.0
}
{
    7, 0, 5, "grass_128.png", 1.0
}
{
    8, 0, 5, "grass_128.png", 1.0
}
# 7. row
{
    0, 0, 6, "grass_128.png", 1.0
}
{
    1, 0, 6, "grass_128.png", 1.0
}
{
    2, 0, 6, "grass_128.png", 1.0
}
{
    3, 0, 6, "grass_128.png", 1.0
}
{
    4, 0, 6, "grass_128.png", 1.0
}
{
    5, 0, 6, "grass_128.png", 1.0
}
{
    6, 0, 6, "grass_128.png", 1.0
}
{
    7, 0, 6, "grass_128.png", 1.0
}
{
    8, 0, 6, "grass_128.png", 1.0
}

# Front wall
{
    0, 1, 6, "vines.tga", 1.0
}
{
    1, 1, 6, "vines.tga", 1.0
}
{
    2, 1, 6, "vines.tga", 1.0
}
{
    3, 1, 6, "vines.tga", 1.0
}
{
    5, 1, 6, "vines.tga", 1.0
}
{
    6, 1, 6, "vines.tga", 1.0
}
{
    7, 1, 6, "vines.tga", 1.0
}
{
    8, 1, 6, "vines.tga", 1.0
}

{
    0, 2, 6, "vines.tga", 1.0
}
{
    1, 2, 6, "vines.tga", 1.0
}
{
    2, 2, 6, "vines.tga", 1.0
}
{
    3, 2, 6, "vines.tga", 1.0
}
{
    5, 2, 6, "vines.tga", 1.0
}
{
    6, 2, 6, "vines.tga", 1.0
}
{
    7, 2, 6, "vines.tga", 1.0
}
{
    8, 2, 6, "vines.tga", 1.0
}

{
    0, 3, 6, "vines.tga", 1.0
}
{
    1, 3, 6, "vines.tga", 1.0
}
{
    2, 3, 6, "vines.tga", 1.0
}
{
    3, 3, 6, "vines.tga", 1.0
}
{
    4, 3, 6, "vines.tga", 1.0
}
{
    5, 3, 6, "vines.tga", 1.0
}
{
    6, 3, 6, "vines.tga", 1.0
}
{
    7, 3, 6, "vines.tga", 1.0
}
{
    8, 3, 6, "vines.tga", 1.0
}

{
    0, 4, 6, "vines.tga", 1.0
}
{
    1, 4, 6, "vines.tga", 1.0
}
{
    2, 4, 6, "vines.tga", 1.0
}
{
    3, 4, 6, "vines.tga", 1.0
}
{
    4, 4, 6, "vines.tga", 1.0
}
{
    5, 4, 6, "vines.tga", 1.0
}
{
    6, 4, 6, "vines.tga", 1.0
}
{
    7, 4, 6, "vines.tga", 1.0
}
{
    8, 4, 6, "vines.tga", 1.0
}

# Stairs
{
    4, 1, 1, "stones_128.png", 0.1
}
{
    4, 1, 2, "stones_128.png", 0.2
}
{
    4, 1, 3, "stones_128.png", 0.3
}
{
    4, 1, 4, "stones_128.png", 0.4
}
{
    4, 1, 5, "stones_128.png", 0.5
}
{
    4, 1, 6, "stones_128.png", 0.6
}


# Player entity
{
    "classname" "info_player_start"
    "origin" "3 8 3"
    "texture" "Body.tga" # kinda obsolete, since textures are defined in the IQM model file!
    # "angle" 270
}

